(3,20) Error: Incompatible types: got "double" expected "integer"