integer        type           integer
double         type           double
char           type           char
t              type           subrange 0..0
