(2,19) Error: Only one variable can be initialized