integer        type           integer
double         type           double
char           type           char
v              var            double         0.000000
