(1,13) Error: Syntax error, ":" expected but ")" found