(2,19) Error: Operator is not overloaded: not "double"