integer        type           integer
double         type           double
char           type           char
c              const          char           char rahc
