(4,4) Error: Syntax error, ";" expected but "." found