integer        type           integer
double         type           double
char           type           char
t              type           record:
                              t              recordfield    integer
                              x              recordfield    double
                              end
