(1,25) Error: Syntax error, "identifier" expected but ")" found