integer        type           integer
double         type           double
char           type           char
c1             const          integer        7
c2             const          integer        7
