integer        type           integer
double         type           double
char           type           char
f              function       return type: 
                              integer
                              args:
                              a              valueparam     {open} array of integer
                              locals:
                              none
