integer        type           integer
double         type           double
char           type           char
t              type           array [1..10] of array [-6..0] of double
