(2,13) Error: Operator is not overloaded: got "char" * "char"