(3,1) Error: Syntax error, "of" expected but "begin" found