integer        type           integer
double         type           double
char           type           char
t1             type           integer
