(2,17) Error: Incompatible types: got "double" expected "integer"