integer        type           integer
double         type           double
char           type           char
p              procedure      args:
                              a              valueparam     integer
                              locals:
                              v              var            integer        0
a              var            integer        0
v              var            integer        0
