integer        type           integer
double         type           double
char           type           char
p              procedure      args:
                              a              valueparam     integer
                              p              valueparam     double
                              locals:
                              none
