integer        type           integer
double         type           double
char           type           char
f              function       return type: 
                              array of array [1..2] of double
                              args:
                              a              valueparam     integer
                              locals:
                              none
