(2,15) Error: Operator is not overloaded: + "char"