(5,2) Error: Wrong number of parameters specified for call to "p"