(5,1) Error: Syntax error, ":=" expected but "end" found