(5,4) Error: Incompatible types for arg 1: got "double" expected "integer"