(3,1) Error: Syntax error, "do" expected but "end" found