begin
    If
        1
        If
            1
            begin
            end
            begin
            end
end
