begin
    :=
        []
            a
            8
        b
end
