begin
    for
    downto
        :=
            i
            2
        2
        begin
        end
end
