begin
    for
    to
        :=
            i
            2
        2
        begin
        end
end
