(5,7) Error: Incompatible types for arg 2: got "double" expected "integer"