(2,4) Error: Syntax error, "." expected but "end of file" found