(2,5) Error: Incompatible types: got "double" expected "integer"