1   1   identifier     a              a
11  1   identifier     a              a
