1   1   double         0.1E0          0.100000
2   1   double         0.1e0          0.100000
